== LAET on deep1b (CUSTOM_DEEP1B), reusing /home/user/percef-release/results_darth_deep1b_20261006_085352: k=100 train=1500 val=500 test=8000
== training and tuning LAET (F in D x {1/8,1/4,1/2}, D = 2855.090060040027; multiplier by bisection on 500 validation queries)
LAET F=360: trained on 1499 queries (0 ended before F) in 0.4s; median target 4570 distance computations
  F    360: m 0.500 -> validation recall 0.9518, dists 3415
LAET F=710: trained on 1499 queries (0 ended before F) in 0.5s; median target 4570 distance computations
  F    710: m 0.500 -> validation recall 0.9536, dists 3396
LAET F=1430: trained on 1499 queries (0 ended before F) in 0.5s; median target 4570 distance computations
  F   1430: m 0.500 -> validation recall 0.9617, dists 3518
chosen F 710 m 0.500 (validation recall 0.9536)
== LAET test: 8000 queries, F=710 multiplier=0.5
Index[M=16, efC=500, efS=2000]IndexTime: 1.092531s, SearchTime: 9.049134s, TotalTime: 11.052559s, Recall@100: 0.9521

  method                               meanR     p1   hit%       DC   lat us  save DC  save lat  p1 gain
  FAISS fixed(ef=100)                 0.9160  0.640   47.9     2029      533
  FAISS fixed(ef=125)                 0.9387  0.690   60.4     2446      618
  FAISS fixed(ef=150)                 0.9535  0.740   69.9     2849      704
  FAISS fixed(ef=175)                 0.9638  0.780   76.6     3241      788
  FAISS fixed(ef=200)                 0.9708  0.810   82.0     3621      875
  FAISS fixed(ef=250)                 0.9802  0.850   88.7     4354     1050
  FAISS fixed(ef=300)                 0.9857  0.870   92.8     5057     1235
  FAISS fixed(ef=350)                 0.9894  0.900   95.3     5736     1412
  FAISS fixed(ef=400)                 0.9918  0.910   97.0     6393     1594
  FAISS fixed(ef=500)                 0.9948  0.930   98.4     7657     1997
  FAISS fixed(ef=600)                 0.9964  0.950   99.1     8863     2422
  FAISS fixed(ef=700)                 0.9974  0.960   99.5    10023     2882
  FAISS fixed(ef=800)                 0.9981  0.970   99.7    11147     3377
  FAISS fixed(ef=1000)                0.9989  0.980   99.9    13298     4418
  FAISS fixed(ef=1250)                0.9993  0.980   99.9    15846     5951
  FAISS fixed(ef=1500)                0.9995  0.990  100.0    18272     7663
  FAISS fixed(ef=2000)                0.9998  0.990  100.0    22846    11732
  DARTH (FAISS)                       0.9594  0.860   73.1     3342     1437    -9.4%    -92.1%   +0.098
  LAET (FAISS)                        0.9521  0.810   65.6     3326     1069   -18.7%    -54.0%   +0.075

  Same queries, HNSWlib (results_unified_deep1b_20261006_223352), setting R, each against its own library's fixed ef:
  Ada-ef (as shipped)                 0.9606  0.790   73.6     4819      617    +0.3%    -23.1%   +0.052
  Ada-ef (WAE floor)                  0.9675  0.810   79.0     5351      660    +1.8%    -18.2%   +0.045
  Ours (K=1, Isotonic)                0.9610  0.820   72.9     4689      517    +3.7%     -2.4%   +0.081

  wrote /home/user/percef-release/results_darth_deep1b_20261006_085352/summary.json
== done: /home/user/percef-release/results_darth_deep1b_20261006_085352
== LAET on deep1b (CUSTOM_DEEP1B), reusing /home/user/percef-release/results_darth_deep1b_20261006_085352: k=100 train=1500 val=500 test=8000
== training and tuning LAET (F in D x {1/8,1/4,1/2}, D = 2855.090060040027; multiplier by bisection on 500 validation queries)
LAET F=360: trained on 1499 queries (0 ended before F) in 0.4s; median target 4570 distance computations
  F    360: m 0.492 -> validation recall 0.9501, dists 3360
LAET F=710: trained on 1499 queries (0 ended before F) in 0.5s; median target 4570 distance computations
  F    710: m 0.484 -> validation recall 0.9503, dists 3288
LAET F=1430: trained on 1499 queries (0 ended before F) in 0.4s; median target 4570 distance computations
  F   1430: m 0.423 -> validation recall 0.9500, dists 3038
chosen F 1430 m 0.423 (validation recall 0.9500)
== LAET test: 8000 queries, F=1430 multiplier=0.4227311998173263
Index[M=16, efC=500, efS=2000]IndexTime: 1.364105s, SearchTime: 8.907088s, TotalTime: 11.291140s, Recall@100: 0.9482

  method                               meanR     p1   hit%       DC   lat us  save DC  save lat  p1 gain
  FAISS fixed(ef=100)                 0.9160  0.640   47.9     2029      533
  FAISS fixed(ef=125)                 0.9387  0.690   60.4     2446      618
  FAISS fixed(ef=150)                 0.9535  0.740   69.9     2849      704
  FAISS fixed(ef=175)                 0.9638  0.780   76.6     3241      788
  FAISS fixed(ef=200)                 0.9708  0.810   82.0     3621      875
  FAISS fixed(ef=250)                 0.9802  0.850   88.7     4354     1050
  FAISS fixed(ef=300)                 0.9857  0.870   92.8     5057     1235
  FAISS fixed(ef=350)                 0.9894  0.900   95.3     5736     1412
  FAISS fixed(ef=400)                 0.9918  0.910   97.0     6393     1594
  FAISS fixed(ef=500)                 0.9948  0.930   98.4     7657     1997
  FAISS fixed(ef=600)                 0.9964  0.950   99.1     8863     2422
  FAISS fixed(ef=700)                 0.9974  0.960   99.5    10023     2882
  FAISS fixed(ef=800)                 0.9981  0.970   99.7    11147     3377
  FAISS fixed(ef=1000)                0.9989  0.980   99.9    13298     4418
  FAISS fixed(ef=1250)                0.9993  0.980   99.9    15846     5951
  FAISS fixed(ef=1500)                0.9995  0.990  100.0    18272     7663
  FAISS fixed(ef=2000)                0.9998  0.990  100.0    22846    11732
  DARTH (FAISS)                       0.9594  0.860   73.1     3342     1437    -9.4%    -92.1%   +0.098
  LAET (FAISS)                        0.9482  0.810   60.1     2962     1042   -10.4%    -55.8%   +0.090

  Same queries, HNSWlib (results_unified_deep1b_20261006_223352), setting R, each against its own library's fixed ef:
  Ada-ef (as shipped)                 0.9606  0.790   73.6     4819      617    +0.3%    -23.1%   +0.052
  Ada-ef (WAE floor)                  0.9675  0.810   79.0     5351      660    +1.8%    -18.2%   +0.045
  Ours (K=1, Isotonic)                0.9610  0.820   72.9     4689      517    +3.7%     -2.4%   +0.081

  wrote /home/user/percef-release/results_darth_deep1b_20261006_085352/summary.json
== done: /home/user/percef-release/results_darth_deep1b_20261006_085352
