  exporting CUSTOM_DEEP1B: 2000000 x 96 -> darth_data/CUSTOM_DEEP1B
    train: 1500 queries, top-100
    validation: 500 queries, top-100
    test: 8000 queries, top-100
  done: darth_data/CUSTOM_DEEP1B
== deep1b (CUSTOM_DEEP1B): k=100 train=1500 val=500 test=8000 efSearch<=2000 target=0.95
== building FAISS HNSW index
>>Index saved to /home/user/percef-release/darth_data/CUSTOM_DEEP1B/faiss_M16_efC500.index
>>Index build time: 798.377s
Index[M=16, efC=500, efS=2000]IndexTime: 798.377037s, SearchTime: 0.013752s, TotalTime: 799.248869s, Recall@100: 1.0000
== training traces (1500 queries, every 10 distance computations)
== training the predictor

trained on 3426462 rows / 1499 queries in 6.3s; D = 2855
== tuning prediction intervals on 500 validation queries (D = 2855.090060040027)
  ipi   2855 mpi   2855: recall 0.9835, dists 4863
  ipi   2855 mpi   1428: recall 0.9800, dists 4453
  ipi   2855 mpi    714: recall 0.9777, dists 4268
  ipi   2855 mpi    357: recall 0.9757, dists 4179
  ipi   2855 mpi    286: recall 0.9753, dists 4153
  ipi   2855 mpi    178: recall 0.9747, dists 4128
  ipi   2855 mpi    143: recall 0.9747, dists 4116
  ipi   1428 mpi   1428: recall 0.9770, dists 4131
  ipi   1428 mpi    714: recall 0.9722, dists 3822
  ipi   1428 mpi    357: recall 0.9682, dists 3658
  ipi   1428 mpi    286: recall 0.9671, dists 3625
  ipi   1428 mpi    178: recall 0.9661, dists 3581
  ipi   1428 mpi    143: recall 0.9657, dists 3567
  ipi    714 mpi    714: recall 0.9714, dists 3767
  ipi    714 mpi    357: recall 0.9653, dists 3585
  ipi    714 mpi    286: recall 0.9643, dists 3556
  ipi    714 mpi    178: recall 0.9620, dists 3498
  ipi    714 mpi    143: recall 0.9614, dists 3483
  ipi    357 mpi    357: recall 0.9655, dists 3583
  ipi    357 mpi    286: recall 0.9638, dists 3540
  ipi    357 mpi    178: recall 0.9620, dists 3488
  ipi    357 mpi    143: recall 0.9615, dists 3470
chosen ipi 357 mpi 143 (validation recall 0.9615)
== DARTH test: 8000 queries, ipi=357 mpi=143
Index[M=16, efC=500, efS=2000]IndexTime: 1.130570s, SearchTime: 12.075794s, TotalTime: 14.022794s, Recall@100: 0.9594
== FAISS fixed-ef grid on the same test queries
  ef=100 Index[M=16, efC=500, efS=100]IndexTime: 1.223440s, SearchTime: 4.814145s, TotalTime: 6.943806s, Recall@100: 0.9159
  ef=125 Index[M=16, efC=500, efS=125]IndexTime: 1.232664s, SearchTime: 5.506348s, TotalTime: 7.652608s, Recall@100: 0.9386
  ef=150 Index[M=16, efC=500, efS=150]IndexTime: 1.226227s, SearchTime: 6.190990s, TotalTime: 8.326964s, Recall@100: 0.9534
  ef=175 Index[M=16, efC=500, efS=175]IndexTime: 1.220310s, SearchTime: 6.843877s, TotalTime: 8.975356s, Recall@100: 0.9637
  ef=200 Index[M=16, efC=500, efS=200]IndexTime: 1.224923s, SearchTime: 7.545795s, TotalTime: 9.680929s, Recall@100: 0.9707
  ef=250 Index[M=16, efC=500, efS=250]IndexTime: 1.223585s, SearchTime: 8.941232s, TotalTime: 11.077367s, Recall@100: 0.9801
  ef=300 Index[M=16, efC=500, efS=300]IndexTime: 1.233183s, SearchTime: 10.426056s, TotalTime: 12.571235s, Recall@100: 0.9856
  ef=350 Index[M=16, efC=500, efS=350]IndexTime: 1.225677s, SearchTime: 11.854028s, TotalTime: 13.991467s, Recall@100: 0.9893
  ef=400 Index[M=16, efC=500, efS=400]IndexTime: 1.226637s, SearchTime: 13.329261s, TotalTime: 15.467440s, Recall@100: 0.9917
  ef=500 Index[M=16, efC=500, efS=500]IndexTime: 1.225800s, SearchTime: 16.564601s, TotalTime: 18.711066s, Recall@100: 0.9947
  ef=600 Index[M=16, efC=500, efS=600]IndexTime: 1.221234s, SearchTime: 19.971777s, TotalTime: 22.102259s, Recall@100: 0.9963
  ef=700 Index[M=16, efC=500, efS=700]IndexTime: 1.225327s, SearchTime: 23.671937s, TotalTime: 25.808187s, Recall@100: 0.9973
  ef=800 Index[M=16, efC=500, efS=800]IndexTime: 1.226208s, SearchTime: 27.642735s, TotalTime: 29.780115s, Recall@100: 0.9980
  ef=1000 Index[M=16, efC=500, efS=1000]IndexTime: 1.223047s, SearchTime: 35.986153s, TotalTime: 38.119993s, Recall@100: 0.9987
  ef=1250 Index[M=16, efC=500, efS=1250]IndexTime: 1.222713s, SearchTime: 48.242029s, TotalTime: 50.376938s, Recall@100: 0.9992
  ef=1500 Index[M=16, efC=500, efS=1500]IndexTime: 1.227098s, SearchTime: 61.942912s, TotalTime: 64.082385s, Recall@100: 0.9994
  ef=2000 Index[M=16, efC=500, efS=2000]IndexTime: 1.232081s, SearchTime: 94.489415s, TotalTime: 96.641139s, Recall@100: 0.9996

  method                               meanR     p1   hit%       DC   lat us  save DC  save lat  p1 gain
  FAISS fixed(ef=100)                 0.9160  0.640   47.9     2029      533
  FAISS fixed(ef=125)                 0.9387  0.690   60.4     2446      618
  FAISS fixed(ef=150)                 0.9535  0.740   69.9     2849      704
  FAISS fixed(ef=175)                 0.9638  0.780   76.6     3241      788
  FAISS fixed(ef=200)                 0.9708  0.810   82.0     3621      875
  FAISS fixed(ef=250)                 0.9802  0.850   88.7     4354     1050
  FAISS fixed(ef=300)                 0.9857  0.870   92.8     5057     1235
  FAISS fixed(ef=350)                 0.9894  0.900   95.3     5736     1412
  FAISS fixed(ef=400)                 0.9918  0.910   97.0     6393     1594
  FAISS fixed(ef=500)                 0.9948  0.930   98.4     7657     1997
  FAISS fixed(ef=600)                 0.9964  0.950   99.1     8863     2422
  FAISS fixed(ef=700)                 0.9974  0.960   99.5    10023     2882
  FAISS fixed(ef=800)                 0.9981  0.970   99.7    11147     3377
  FAISS fixed(ef=1000)                0.9989  0.980   99.9    13298     4418
  FAISS fixed(ef=1250)                0.9993  0.980   99.9    15846     5951
  FAISS fixed(ef=1500)                0.9995  0.990  100.0    18272     7663
  FAISS fixed(ef=2000)                0.9998  0.990  100.0    22846    11732
  DARTH (FAISS)                       0.9594  0.860   73.1     3342     1437    -9.4%    -92.1%   +0.098

  Same queries, HNSWlib (results_unified_deep1b_20260928_231440), setting R, each against its own library's fixed ef:
  Ada-ef (as shipped)                 0.9606  0.790   73.6     4819      643    +0.2%    -23.6%   +0.052
  Ada-ef (WAE floor)                  0.9675  0.810   79.0     5351      688    +1.6%    -18.9%   +0.048
  Ours (K=1, Isotonic)                0.9610  0.820   72.9     4689      539    +3.7%     -2.9%   +0.081

  wrote /home/user/percef-release/results_darth_deep1b_20261006_085352/summary.json
== done: /home/user/percef-release/results_darth_deep1b_20261006_085352
