══════════════════════════════════════════════════════════════════════════════════════════
  Unified benchmark: coco_t2i   settings=['P', 'R']
══════════════════════════════════════════════════════════════════════════════════════════
  corpus 113287 x 512 (of 113287 rows) | K=100 | test 8000 | R-calib 2000 | P-calib 200
  ann-benchmarks coco-t2i-512-angular.hdf5; 10000 test queries, 2000 R-calibration, 8000 tested; KS 0.056, band (OOD: text queries, image corpus)

[1] streaming pass: mean, covariance, KS pool, P-calibration rows ...
  KS (score vs Ada-ef's CLT Normal, 30 test queries): 0.0577

[2] streaming ground truth, top-100 for 10200 queries ...

[3] cluster bins for K_clusters=[1, 8, 50] ...

[4] building Ada-ef's estimator the original way too (corpus fits in RAM) ...

[5] building index (M=16, ef_construction=500) chunk by chunk ...
  Ada-ef score check, streamed vs original statistics: 50/50 queries identical, max |diff| 0 (OK)

[6] fixed ef on 8000 test queries ...
  Fixed(ef=100)    R=0.8790 p1=0.580 DC=2093 lat=624us
  Fixed(ef=150)    R=0.9267 p1=0.670 DC=3065 lat=857us
  Fixed(ef=200)    R=0.9504 p1=0.740 DC=4040 lat=1072us
  Fixed(ef=300)    R=0.9723 p1=0.820 DC=5989 lat=1478us
  Fixed(ef=400)    R=0.9821 p1=0.870 DC=7936 lat=1846us
  Fixed(ef=600)    R=0.9906 p1=0.910 DC=11821 lat=2516us
  Fixed(ef=800)    R=0.9942 p1=0.940 DC=15697 lat=3137us
  Fixed(ef=1000)   R=0.9961 p1=0.950 DC=19560 lat=3732us
  Fixed(ef=1500)   R=0.9982 p1=0.970 DC=29194 lat=5147us
  Fixed(ef=2000)   R=0.9989 p1=0.980 DC=38798 lat=6509us
  Fixed(ef=3000)   R=0.9995 p1=0.990 DC=57998 lat=9154us
  Fixed(ef=5000)   R=0.9998 p1=0.990 DC=96675 lat=14341us

══════════════════════════════════════════════════════════════════════════════════════════
  Setting P: calibration on 200 corpus points (paper protocol)
══════════════════════════════════════════════════════════════════════════════════════════
  true min-ef per calibration query ...
  calib min-ef: median 100, P90 100, capped 0.0%
  Ada-ef ef-estimation table (group-average probing) ...
  Ada-ef (as shipped)      R=0.9267 p1=0.670 hit=50.2% DC=3066 lat=1038us
  Ada-ef (WAE floor)       R=0.9267 p1=0.670 hit=50.2% DC=3066 lat=1038us
  Ours (K=1, Isotonic)     R=0.9135 p1=0.650 hit=41.4% DC=2716 lat=786us
  Ours (K=1, Mean)         R=0.9135 p1=0.650 hit=41.4% DC=2716 lat=783us
  Ours (K=1, P90)          R=0.9504 p1=0.740 hit=68.6% DC=4041 lat=1083us
  Ours (K=1, P70)          R=0.9267 p1=0.670 hit=50.2% DC=3066 lat=865us
  Ours (K=8, Isotonic)     R=0.9100 p1=0.640 hit=39.1% DC=2645 lat=790us
  Ours (K=8, Mean)         R=0.9100 p1=0.640 hit=39.1% DC=2645 lat=790us
  Ours (K=8, P90)          R=0.9504 p1=0.740 hit=68.6% DC=4048 lat=1120us
  Ours (K=8, P70)          R=0.9074 p1=0.630 hit=37.7% DC=2587 lat=775us
  Ours (K=50, Isotonic)    R=0.9100 p1=0.640 hit=39.1% DC=2687 lat=815us
  Ours (K=50, Mean)        R=0.9100 p1=0.640 hit=39.1% DC=2687 lat=814us
  Ours (K=50, P90)         R=0.9504 p1=0.740 hit=68.6% DC=4090 lat=1150us
  Ours (K=50, P70)         R=0.9074 p1=0.630 hit=37.7% DC=2629 lat=799us
  latency pass: 15 methods x 8000 queries x 3 rounds ...
    latency round 1/3 done
    latency round 2/3 done
    latency round 3/3 done
  Ada-ef (as shipped)      lat=1033us (median of 3 rounds)
  Ada-ef (WAE floor)       lat=1032us (median of 3 rounds)
  Ours (K=1, Isotonic)     lat=783us (median of 3 rounds)

  SUMMARY coco_t2i / setting P   (DC includes our probe; target 0.95)
  method                     meanR     p1     p5   hit%        DC  avg ef
  Ada-ef (as shipped)       0.9267  0.670  0.790   50.2      3066     150
  Ada-ef (WAE floor)        0.9267  0.670  0.790   50.2      3066     150
  Ours (K=1, Isotonic)      0.9135  0.650  0.770   41.4      2716     132
  rho: Ada-ef -0.345 | ours K=1 -0.380, K=8 -0.256, K=50 -0.158
  at Ada-ef's mean recall 0.9267: ours frontier +0.0% | fixed ef -0.0%
  tail at that recall: Ada-ef p1 0.670 / fixed ef p1 0.670

  SCORECARD vs a tuned fixed ef at the same mean recall   (choice picked ours)
  method                             meanR  save DC  save lat  p1 gain  p5 gain  lat us
  Ada-ef (as shipped)               0.9267    -0.0%    -20.9%   -0.000   -0.000    1033
  Ada-ef (WAE floor)                0.9267    -0.0%    -20.9%   -0.000   -0.000    1032
  Ours (K=1, Isotonic)              0.9135    +2.9%     +0.9%   +0.005   +0.002     783
  Choice (with Ada-ef as shipped)   0.9135    +2.9%     +0.9%   +0.005   +0.002     783
  Choice (with Ada-ef WAE floor)    0.9135    +2.9%     +0.9%   +0.005   +0.002     783
  diagnostics: floor 90.5%, capped 0.0%, headroom 0.94, Ada-ef distinct scores 63 (table efs 4), ours K=1 distinct scores 66
  offline: Ada-ef stats 2s, table 0s, 1.05 MB | ours K=1 bins 0s, min-ef 0s, 2.5 KB

══════════════════════════════════════════════════════════════════════════════════════════
  Setting R: calibration on 2000 held-out real queries
══════════════════════════════════════════════════════════════════════════════════════════
  true min-ef per calibration query ...
    ... 250/2000
    ... 500/2000
    ... 750/2000
    ... 1000/2000
    ... 1250/2000
    ... 1500/2000
    ... 1750/2000
    ... 2000/2000
  calib min-ef: median 200, P90 400, capped 0.0%
  Ada-ef ef-estimation table (group-average probing) ...
  Ada-ef (as shipped)      R=0.9639 p1=0.790 hit=78.8% DC=5015 lat=1478us
  Ada-ef (WAE floor)       R=0.9639 p1=0.790 hit=78.8% DC=5015 lat=1479us
  Ours (K=1, Isotonic)     R=0.9593 p1=0.780 hit=75.5% DC=4626 lat=1199us
  Ours (K=1, Mean)         R=0.9593 p1=0.780 hit=75.5% DC=4626 lat=1208us
  Ours (K=1, P90)          R=0.9821 p1=0.870 hit=91.7% DC=7937 lat=1852us
  Ours (K=1, P70)          R=0.9639 p1=0.790 hit=78.8% DC=5016 lat=1289us
  Ours (K=8, Isotonic)     R=0.9593 p1=0.780 hit=75.5% DC=4633 lat=1250us
  Ours (K=8, Mean)         R=0.9593 p1=0.780 hit=75.5% DC=4633 lat=1249us
  Ours (K=8, P90)          R=0.9821 p1=0.870 hit=91.7% DC=7944 lat=1911us
  Ours (K=8, P70)          R=0.9639 p1=0.790 hit=78.8% DC=5023 lat=1335us
  Ours (K=50, Isotonic)    R=0.9593 p1=0.780 hit=75.5% DC=4675 lat=1283us
  Ours (K=50, Mean)        R=0.9593 p1=0.780 hit=75.5% DC=4675 lat=1283us
  Ours (K=50, P90)         R=0.9821 p1=0.870 hit=91.7% DC=7986 lat=1943us
  Ours (K=50, P70)         R=0.9639 p1=0.790 hit=78.8% DC=5065 lat=1367us
  latency pass: 15 methods x 8000 queries x 3 rounds ...
    latency round 1/3 done
    latency round 2/3 done
    latency round 3/3 done
  Ada-ef (as shipped)      lat=1482us (median of 3 rounds)
  Ada-ef (WAE floor)       lat=1481us (median of 3 rounds)
  Ours (K=1, Isotonic)     lat=1207us (median of 3 rounds)

  SUMMARY coco_t2i / setting R   (DC includes our probe; target 0.95)
  method                     meanR     p1     p5   hit%        DC  avg ef
  Ada-ef (as shipped)       0.9639  0.790  0.870   78.8      5015     250
  Ada-ef (WAE floor)        0.9639  0.790  0.870   78.8      5015     250
  Ours (K=1, Isotonic)      0.9593  0.780  0.860   75.5      4626     230
  rho: Ada-ef undefined (constant scores) | ours K=1 undefined (constant scores), K=8 undefined (constant scores), K=50 undefined (constant scores)
  at Ada-ef's mean recall 0.9639: ours frontier +0.0% | fixed ef +4.5%
  tail at that recall: Ada-ef p1 0.790 / fixed ef p1 0.789

  SCORECARD vs a tuned fixed ef at the same mean recall   (choice picked ours)
  method                             meanR  save DC  save lat  p1 gain  p5 gain  lat us
  Ada-ef (as shipped)               0.9639    +4.3%    -12.1%   +0.001   -0.007    1482
  Ada-ef (WAE floor)                0.9639    +4.3%    -12.0%   +0.001   -0.007    1481
  Ours (K=1, Isotonic)              0.9593    +4.2%     +2.4%   +0.007   -0.004    1207
  Choice (with Ada-ef as shipped)   0.9593    +4.2%     +2.4%   +0.007   -0.004    1207
  Choice (with Ada-ef WAE floor)    0.9593    +4.2%     +2.4%   +0.007   -0.004    1207
  diagnostics: floor 21.9%, capped 0.0%, headroom 1.74, Ada-ef distinct scores 1 (table efs 1), ours K=1 distinct scores 1
  offline: Ada-ef stats 2s, table 8s, 1.05 MB | ours K=1 bins 0s, min-ef 10s, 2.1 KB

Done in 56.5 min. Results in results_unified_coco_t2i_20260929_003724/
