══════════════════════════════════════════════════════════════════════════════════════════
  Unified benchmark: sift128   settings=['P', 'R']
══════════════════════════════════════════════════════════════════════════════════════════
  corpus 1000000 x 128 (of 1000000 rows) | K=100 | test 8000 | R-calib 2000 | P-calib 200
  ann-benchmarks file; 10000 test queries, 2000 held out for R-calibration
  KS (score vs Ada-ef's CLT Normal, 30 test queries): 0.1137

[4] building Ada-ef's estimator the original way too (corpus fits in RAM) ...

[5] loading index sift128_efc500_m16.index ...
  elements 1000000, M 16, ef_construction 500 -> matches protocol
  Ada-ef score check, streamed vs original statistics: 50/50 queries identical, max |diff| 0 (OK)

[6] fixed ef on 8000 test queries ...
  Fixed(ef=100)    R=0.9263 p1=0.720 DC=2484 lat=347us
  Fixed(ef=125)    R=0.9491 p1=0.770 DC=3065 lat=399us
  Fixed(ef=150)    R=0.9630 p1=0.810 DC=3648 lat=451us
  Fixed(ef=175)    R=0.9725 p1=0.840 DC=4230 lat=523us
  Fixed(ef=200)    R=0.9789 p1=0.860 DC=4814 lat=572us
  Fixed(ef=250)    R=0.9869 p1=0.900 DC=5980 lat=684us
  Fixed(ef=300)    R=0.9913 p1=0.930 DC=7148 lat=813us
  Fixed(ef=350)    R=0.9939 p1=0.940 DC=8315 lat=920us
  Fixed(ef=400)    R=0.9956 p1=0.950 DC=9483 lat=1030us
  Fixed(ef=500)    R=0.9975 p1=0.970 DC=11816 lat=1257us
  Fixed(ef=600)    R=0.9984 p1=0.980 DC=14150 lat=1465us
  Fixed(ef=700)    R=0.9990 p1=0.980 DC=16482 lat=1661us
  Fixed(ef=800)    R=0.9993 p1=0.990 DC=18814 lat=1864us
  Fixed(ef=1000)   R=0.9996 p1=0.990 DC=23476 lat=2256us
  Fixed(ef=1250)   R=0.9998 p1=0.990 DC=29301 lat=2733us
  Fixed(ef=1500)   R=0.9998 p1=0.990 DC=35122 lat=3195us
  Fixed(ef=2000)   R=0.9999 p1=0.990 DC=46758 lat=4088us
  Fixed(ef=3000)   R=0.9999 p1=1.000 DC=70010 lat=5794us
  Fixed(ef=5000)   R=0.9999 p1=1.000 DC=116480 lat=9030us

══════════════════════════════════════════════════════════════════════════════════════════
  Setting P: calibration on 200 corpus points (paper protocol)
══════════════════════════════════════════════════════════════════════════════════════════
  calib min-ef: median 100, P90 200, capped 0.0%
  Ada-ef (as shipped)      R=0.9630 p1=0.810 hit=75.4% DC=3651 lat=552us
  Ada-ef (WAE floor)       R=0.9630 p1=0.810 hit=75.4% DC=3651 lat=551us
  Ours (K=1, Isotonic)     R=0.9571 p1=0.820 hit=69.8% DC=3294 lat=409us
  Ours (K=1, Mean)         R=0.9528 p1=0.770 hit=68.1% DC=3281 lat=406us
  Ours (K=1, P90)          R=0.9618 p1=0.780 hit=75.7% DC=3877 lat=467us
  Ours (K=1, P70)          R=0.9545 p1=0.770 hit=69.2% DC=3414 lat=430us
  Ours (K=8, Isotonic)     R=0.9611 p1=0.820 hit=74.5% DC=3434 lat=446us
  Ours (K=8, Mean)         R=0.9610 p1=0.820 hit=74.4% DC=3435 lat=445us
  Ours (K=8, P90)          R=0.9760 p1=0.860 hit=87.3% DC=4372 lat=560us
  Ours (K=8, P70)          R=0.9623 p1=0.820 hit=75.3% DC=3504 lat=452us
  Ours (K=50, Isotonic)    R=0.9619 p1=0.810 hit=74.8% DC=3555 lat=458us
  Ours (K=50, Mean)        R=0.9618 p1=0.810 hit=74.7% DC=3550 lat=469us
  Ours (K=50, P90)         R=0.9782 p1=0.860 hit=88.5% DC=4652 lat=576us
  Ours (K=50, P70)         R=0.9622 p1=0.810 hit=75.0% DC=3586 lat=461us
  latency pass: 6 methods x 8000 queries x 3 rounds ...
    latency round 1/3 done
    latency round 2/3 done
    latency round 3/3 done
  Ada-ef (as shipped)      lat=549us (median of 3 rounds)
  Ada-ef (WAE floor)       lat=549us (median of 3 rounds)
  Ours (K=1, Isotonic)     lat=407us (median of 3 rounds)

  SUMMARY sift128 / setting P   (DC includes our probe; target 0.95)
  method                     meanR     p1     p5   hit%        DC  avg ef
  Ada-ef (as shipped)       0.9630  0.810  0.880   75.4      3651     150
  Ada-ef (WAE floor)        0.9630  0.810  0.880   75.4      3651     150
  Ours (K=1, Isotonic)      0.9571  0.820  0.870   69.8      3294     134
  rho: Ada-ef +0.084 | ours K=1 -0.327, K=8 -0.392, K=50 -0.273
  at Ada-ef's mean recall 0.9630: ours frontier -2.8% | fixed ef -0.1%
  tail at that recall: Ada-ef p1 0.810 / fixed ef p1 0.810

  SCORECARD vs a tuned fixed ef at the same mean recall   (choice picked ours)
  method                             meanR  save DC  save lat  p1 gain  p5 gain  lat us
  Ada-ef (as shipped)               0.9630    -0.1%    -25.3%   -0.000   -0.000     549   (one ef for all queries: no adaptation)
  Ada-ef (WAE floor)                0.9630    -0.1%    -25.3%   -0.000   -0.000     549   (one ef for all queries: no adaptation)
  Ours (K=1, Isotonic)              0.9571    +2.0%     +0.2%   +0.029   +0.009     407
  Choice (with Ada-ef as shipped)   0.9571    +2.0%     +0.2%   +0.029   +0.009     407
  Choice (with Ada-ef WAE floor)    0.9571    +2.0%     +0.2%   +0.029   +0.009     407
  diagnostics: floor 57.0%, capped 0.0%, headroom 1.50, Ada-ef distinct scores 1 (table efs 1), ours K=1 distinct scores 71
  offline: Ada-ef stats n/a, table n/a, 0.07 MB | ours K=1 bins 0s, min-ef n/a, 0.9 KB

══════════════════════════════════════════════════════════════════════════════════════════
  Setting R: calibration on 2000 held-out real queries
══════════════════════════════════════════════════════════════════════════════════════════
  calib min-ef: median 100, P90 250, capped 0.0%
  Ada-ef (as shipped)      R=0.9631 p1=0.810 hit=75.5% DC=3658 lat=551us
  Ada-ef (WAE floor)       R=0.9632 p1=0.820 hit=75.5% DC=3659 lat=550us
  Ours (K=1, Isotonic)     R=0.9639 p1=0.840 hit=75.6% DC=3593 lat=442us
  Ours (K=1, Mean)         R=0.9630 p1=0.830 hit=74.8% DC=3589 lat=449us
  Ours (K=1, P90)          R=0.9816 p1=0.890 hit=91.5% DC=5104 lat=603us
  Ours (K=1, P70)          R=0.9673 p1=0.840 hit=79.2% DC=3916 lat=477us
  Ours (K=8, Isotonic)     R=0.9653 p1=0.830 hit=78.1% DC=3612 lat=478us
  Ours (K=8, Mean)         R=0.9653 p1=0.830 hit=78.1% DC=3613 lat=465us
  Ours (K=8, P90)          R=0.9825 p1=0.900 hit=93.1% DC=5025 lat=620us
  Ours (K=8, P70)          R=0.9731 p1=0.860 hit=85.2% DC=4106 lat=532us
  Ours (K=50, Isotonic)    R=0.9646 p1=0.820 hit=77.0% DC=3664 lat=470us
  Ours (K=50, Mean)        R=0.9645 p1=0.820 hit=77.0% DC=3662 lat=470us
  Ours (K=50, P90)         R=0.9841 p1=0.890 hit=93.3% DC=5360 lat=653us
  Ours (K=50, P70)         R=0.9732 p1=0.850 hit=84.7% DC=4299 lat=540us
  latency pass: 5 methods x 8000 queries x 3 rounds ...
    latency round 1/3 done
    latency round 2/3 done
    latency round 3/3 done
  Ada-ef (as shipped)      lat=549us (median of 3 rounds)
  Ada-ef (WAE floor)       lat=549us (median of 3 rounds)
  Ours (K=1, Isotonic)     lat=441us (median of 3 rounds)

  SUMMARY sift128 / setting R   (DC includes our probe; target 0.95)
  method                     meanR     p1     p5   hit%        DC  avg ef
  Ada-ef (as shipped)       0.9631  0.810  0.880   75.5      3658     150
  Ada-ef (WAE floor)        0.9632  0.820  0.880   75.5      3659     150
  Ours (K=1, Isotonic)      0.9639  0.840  0.890   75.6      3593     147
  rho: Ada-ef -0.038 | ours K=1 -0.451, K=8 -0.547, K=50 -0.457
  at Ada-ef's mean recall 0.9631: ours frontier -1.9% | fixed ef -0.2%
  tail at that recall: Ada-ef p1 0.810 / fixed ef p1 0.810

  SCORECARD vs a tuned fixed ef at the same mean recall   (choice picked ours)
  method                             meanR  save DC  save lat  p1 gain  p5 gain  lat us
  Ada-ef (as shipped)               0.9631    -0.2%    -25.2%   -0.000   -0.000     549
  Ada-ef (WAE floor)                0.9632    -0.1%    -25.2%   +0.010   -0.000     549
  Ours (K=1, Isotonic)              0.9639    +2.7%     +0.4%   +0.028   +0.008     441
  Choice (with Ada-ef as shipped)   0.9639    +2.7%     +0.4%   +0.028   +0.008     441
  Choice (with Ada-ef WAE floor)    0.9639    +2.7%     +0.4%   +0.028   +0.008     441
  diagnostics: floor 50.0%, capped 0.0%, headroom 1.69, Ada-ef distinct scores 5 (table efs 5), ours K=1 distinct scores 101
  offline: Ada-ef stats n/a, table n/a, 0.07 MB | ours K=1 bins 0s, min-ef n/a, 0.9 KB

Done in 9.6 min. Results in results_unified_sift128_20261006_224423/
