══════════════════════════════════════════════════════════════════════════════════════════
  Unified benchmark: msturing   settings=['P', 'R']
══════════════════════════════════════════════════════════════════════════════════════════
  corpus 2000000 x 100 (of 2000000 rows) | K=100 | test 10000 | R-calib 2000 | P-calib 200
  Big-ANN msturing, first 2000000 rows of the 1B file (subset); 100000 public queries, 2000 R-calibration, 10000 tested; KS 0.010, predicted Ada-ef

[1] streaming pass: mean, covariance, KS pool, P-calibration rows ...
  KS (score vs Ada-ef's CLT Normal, 30 test queries): 0.0091

[2] streaming ground truth, top-100 for 12200 queries ...

[3] cluster bins for K_clusters=[1, 8, 50] ...

[4] building Ada-ef's estimator the original way too (corpus fits in RAM) ...

[5] building index (M=16, ef_construction=500) chunk by chunk ...
    ... 1000000/2000000 (432s)
    ... 2000000/2000000 (925s)
  Ada-ef score check, streamed vs original statistics: 50/50 queries identical, max |diff| 0 (OK)

[6] fixed ef on 10000 test queries ...
  Fixed(ef=100)    R=0.6789 p1=0.130 DC=2822 lat=524us
  Fixed(ef=150)    R=0.7415 p1=0.240 DC=4026 lat=734us
  Fixed(ef=200)    R=0.7813 p1=0.310 DC=5232 lat=944us
  Fixed(ef=300)    R=0.8322 p1=0.410 DC=7661 lat=1368us
  Fixed(ef=400)    R=0.8633 p1=0.490 DC=10097 lat=1794us
  Fixed(ef=600)    R=0.9008 p1=0.580 DC=14976 lat=2633us
  Fixed(ef=800)    R=0.9229 p1=0.640 DC=19861 lat=3466us
  Fixed(ef=1000)   R=0.9375 p1=0.690 DC=24738 lat=4294us
  Fixed(ef=1500)   R=0.9592 p1=0.770 DC=36907 lat=6341us
  Fixed(ef=2000)   R=0.9708 p1=0.820 DC=49045 lat=8377us
  Fixed(ef=3000)   R=0.9830 p1=0.880 DC=73249 lat=12376us
  Fixed(ef=5000)   R=0.9924 p1=0.940 DC=121480 lat=21418us

══════════════════════════════════════════════════════════════════════════════════════════
  Setting P: calibration on 200 corpus points (paper protocol)
══════════════════════════════════════════════════════════════════════════════════════════
  true min-ef per calibration query ...
  calib min-ef: median 300, P90 1505, capped 0.5%
  Ada-ef ef-estimation table (group-average probing) ...
  Ada-ef (as shipped)      R=0.9034 p1=0.520 hit=45.6% DC=16831 lat=3323us
  Ada-ef (WAE floor)       R=0.9223 p1=0.630 hit=52.1% DC=19787 lat=3843us
  Ours (K=1, Isotonic)     R=0.9112 p1=0.620 hit=47.8% DC=16525 lat=3223us
  Ours (K=1, Mean)         R=0.9111 p1=0.620 hit=47.8% DC=16523 lat=3220us
  Ours (K=1, P90)          R=0.9634 p1=0.790 hit=76.0% DC=39468 lat=7496us
  Ours (K=1, P70)          R=0.9149 p1=0.630 hit=49.3% DC=17387 lat=3379us
  Ours (K=8, Isotonic)     R=0.9118 p1=0.620 hit=47.7% DC=16489 lat=3293us
  Ours (K=8, Mean)         R=0.9117 p1=0.620 hit=47.6% DC=16512 lat=3297us
  Ours (K=8, P90)          R=0.9630 p1=0.790 hit=75.9% DC=38649 lat=7438us
  Ours (K=8, P70)          R=0.9157 p1=0.630 hit=49.1% DC=17472 lat=3481us
  Ours (K=50, Isotonic)    R=0.9115 p1=0.620 hit=47.7% DC=16550 lat=3302us
  Ours (K=50, Mean)        R=0.9113 p1=0.620 hit=47.6% DC=16578 lat=3305us
  Ours (K=50, P90)         R=0.9628 p1=0.790 hit=75.8% DC=39201 lat=7525us
  Ours (K=50, P70)         R=0.9161 p1=0.630 hit=49.4% DC=17656 lat=3507us
  latency pass: 15 methods x 10000 queries x 3 rounds ...
    latency round 1/3 done
    latency round 2/3 done
    latency round 3/3 done
  Ada-ef (as shipped)      lat=3316us (median of 3 rounds)
  Ada-ef (WAE floor)       lat=3839us (median of 3 rounds)
  Ours (K=1, Isotonic)     lat=3217us (median of 3 rounds)

  SUMMARY msturing / setting P   (DC includes our probe; target 0.95)
  method                     meanR     p1     p5   hit%        DC  avg ef
  Ada-ef (as shipped)       0.9034  0.520  0.690   45.6     16831     676
  Ada-ef (WAE floor)        0.9223  0.630  0.750   52.1     19787     798
  Ours (K=1, Isotonic)      0.9112  0.620  0.720   47.8     16525     663
  rho: Ada-ef -0.365 | ours K=1 -0.352, K=8 -0.388, K=50 -0.361
  at Ada-ef's mean recall 0.9034: ours frontier -2.0% (bound) | fixed ef -7.5%
  tail at that recall: Ada-ef p1 0.520 / fixed ef p1 0.587

  SCORECARD vs a tuned fixed ef at the same mean recall   (choice picked Ada-ef)
  method                             meanR  save DC  save lat  p1 gain  p5 gain  lat us
  Ada-ef (as shipped)               0.9034    -8.1%    -10.4%   -0.067   -0.007    3316
  Ada-ef (WAE floor)                0.9223    -0.2%     -1.5%   -0.008   +0.002    3839
  Ours (K=1, Isotonic)              0.9112    +4.3%     +3.2%   +0.012   +0.002    3217
  Choice (with Ada-ef as shipped)   0.9034    -8.1%    -10.4%   -0.067   -0.007    3316
  Choice (with Ada-ef WAE floor)    0.9223    -0.2%     -1.5%   -0.008   +0.002    3839
  diagnostics: floor 30.5%, capped 0.5%, headroom 2.69, Ada-ef distinct scores 65 (table efs 26), ours K=1 distinct scores 13
  offline: Ada-ef stats 5s, table 5s, 0.04 MB | ours K=1 bins 1s, min-ef 7s, 0.8 KB

══════════════════════════════════════════════════════════════════════════════════════════
  Setting R: calibration on 2000 held-out real queries
══════════════════════════════════════════════════════════════════════════════════════════
  true min-ef per calibration query ...
    ... 250/2000
    ... 500/2000
    ... 750/2000
    ... 1000/2000
    ... 1250/2000
    ... 1500/2000
    ... 1750/2000
    ... 2000/2000
  calib min-ef: median 800, P90 2800, capped 2.4%
  Ada-ef ef-estimation table (group-average probing) ...
  Ada-ef (as shipped)      R=0.9523 p1=0.700 hit=70.2% DC=31847 lat=6118us
  Ada-ef (WAE floor)       R=0.9622 p1=0.780 hit=75.6% DC=38070 lat=7220us
  Ours (K=1, Isotonic)     R=0.9496 p1=0.740 hit=66.3% DC=29650 lat=5689us
  Ours (K=1, Mean)         R=0.9495 p1=0.740 hit=66.3% DC=29647 lat=5686us
  Ours (K=1, P90)          R=0.9813 p1=0.870 hit=90.4% DC=67247 lat=12586us
  Ours (K=1, P70)          R=0.9600 p1=0.780 hit=73.5% DC=37291 lat=7099us
  Ours (K=8, Isotonic)     R=0.9495 p1=0.740 hit=66.2% DC=29253 lat=5692us
  Ours (K=8, Mean)         R=0.9493 p1=0.740 hit=66.1% DC=29268 lat=5697us
  Ours (K=8, P90)          R=0.9808 p1=0.870 hit=90.2% DC=65413 lat=12355us
  Ours (K=8, P70)          R=0.9604 p1=0.780 hit=73.9% DC=37232 lat=7185us
  Ours (K=50, Isotonic)    R=0.9498 p1=0.740 hit=66.5% DC=29591 lat=5746us
  Ours (K=50, Mean)        R=0.9497 p1=0.740 hit=66.5% DC=29594 lat=5749us
  Ours (K=50, P90)         R=0.9814 p1=0.870 hit=90.5% DC=66855 lat=12594us
  Ours (K=50, P70)         R=0.9598 p1=0.780 hit=73.4% DC=36826 lat=7090us
  latency pass: 15 methods x 10000 queries x 3 rounds ...
    latency round 1/3 done
    latency round 2/3 done
    latency round 3/3 done
  Ada-ef (as shipped)      lat=6124us (median of 3 rounds)
  Ada-ef (WAE floor)       lat=7224us (median of 3 rounds)
  Ours (K=1, Isotonic)     lat=5696us (median of 3 rounds)

  SUMMARY msturing / setting R   (DC includes our probe; target 0.95)
  method                     meanR     p1     p5   hit%        DC  avg ef
  Ada-ef (as shipped)       0.9523  0.700  0.830   70.2     31847    1291
  Ada-ef (WAE floor)        0.9622  0.780  0.860   75.6     38070    1549
  Ours (K=1, Isotonic)      0.9496  0.740  0.820   66.3     29650    1202
  rho: Ada-ef -0.477 | ours K=1 -0.402, K=8 -0.434, K=50 -0.410
  at Ada-ef's mean recall 0.9523: ours frontier -1.3% | fixed ef +3.7%
  tail at that recall: Ada-ef p1 0.700 / fixed ef p1 0.744

  SCORECARD vs a tuned fixed ef at the same mean recall   (choice picked Ada-ef)
  method                             meanR  save DC  save lat  p1 gain  p5 gain  lat us
  Ada-ef (as shipped)               0.9523    +3.6%     +2.2%   -0.044   -0.001    6124
  Ada-ef (WAE floor)                0.9622    +4.8%     +4.3%   -0.003   -0.000    7224
  Ours (K=1, Isotonic)              0.9496    +5.8%     +4.7%   +0.006   -0.003    5696
  Choice (with Ada-ef as shipped)   0.9523    +3.6%     +2.2%   -0.044   -0.001    6124
  Choice (with Ada-ef WAE floor)    0.9622    +4.8%     +4.3%   -0.003   -0.000    7224
  diagnostics: floor 10.1%, capped 2.4%, headroom 2.34, Ada-ef distinct scores 91 (table efs 48), ours K=1 distinct scores 23
  offline: Ada-ef stats 5s, table 206s, 0.04 MB | ours K=1 bins 1s, min-ef 257s, 0.8 KB

Done in 151.2 min. Results in results_unified_msturing_20260929_024323/
