== LAET on dbpedia1536 (CUSTOM_DBPEDIA1536), reusing /home/user/percef-release/results_darth_dbpedia1536_20261008_193255: k=100 train=1500 val=500 test=8000
== training and tuning LAET (F in D x {1/8,1/4,1/2}, D = 2576.5133333333333; multiplier by bisection on 500 validation queries)
LAET F=320: trained on 1500 queries (0 ended before F) in 4.5s; median target 4510 distance computations
  F    320: m 0.500 -> validation recall 0.9620, dists 3296
LAET F=640: trained on 1500 queries (0 ended before F) in 4.7s; median target 4510 distance computations
  F    640: m 0.500 -> validation recall 0.9645, dists 3367
LAET F=1290: trained on 1500 queries (0 ended before F) in 4.7s; median target 4510 distance computations
  F   1290: m 0.500 -> validation recall 0.9681, dists 3364
chosen F 320 m 0.500 (validation recall 0.9620)
== LAET test: 8000 queries, F=320 multiplier=0.5
Index[M=16, efC=500, efS=2000]IndexTime: 6.667136s, SearchTime: 29.145246s, TotalTime: 42.853989s, Recall@100: 0.9626

  method                               meanR     p1   hit%       DC   lat us  save DC  save lat  p1 gain
  FAISS fixed(ef=100)                 0.9383  0.700   59.9     2079     1383
  FAISS fixed(ef=125)                 0.9553  0.760   72.0     2508     1751
  FAISS fixed(ef=150)                 0.9659  0.790   79.4     2924     2129
  FAISS fixed(ef=175)                 0.9729  0.810   84.2     3329     2489
  FAISS fixed(ef=200)                 0.9779  0.830   87.7     3725     2810
  FAISS fixed(ef=250)                 0.9847  0.870   92.5     4494     3467
  FAISS fixed(ef=300)                 0.9886  0.900   95.3     5233     4145
  FAISS fixed(ef=350)                 0.9911  0.920   96.9     5952     4775
  FAISS fixed(ef=400)                 0.9928  0.930   97.8     6653     5453
  FAISS fixed(ef=500)                 0.9950  0.940   98.9     8009     6604
  FAISS fixed(ef=600)                 0.9962  0.950   99.4     9317     7790
  FAISS fixed(ef=700)                 0.9971  0.960   99.6    10587     8618
  FAISS fixed(ef=800)                 0.9977  0.970   99.8    11824    10040
  FAISS fixed(ef=1000)                0.9984  0.980   99.9    14223    12289
  FAISS fixed(ef=1250)                0.9988  0.980  100.0    17108    15230
  FAISS fixed(ef=1500)                0.9991  0.980  100.0    19891    18702
  FAISS fixed(ef=2000)                0.9994  0.990  100.0    25243    26131
  DARTH (FAISS)                       0.9737  0.880   86.2     4075     4132   -20.3%    -62.9%   +0.067
  LAET (FAISS)                        0.9626  0.790   77.2     3292     3451   -18.6%    -73.2%   +0.010

  Same queries, HNSWlib (results_unified_dbpedia1536_20261006_191144), setting R, each against its own library's fixed ef:
  Ada-ef (as shipped)                 0.9631  0.790   76.9     4276     2865    -0.5%    -45.5%   +0.033
  Ada-ef (WAE floor)                  0.9717  0.820   83.1     4981     3085    +3.2%    -32.6%   +0.021
  Ours (K=1, Isotonic)                0.9671  0.810   80.4     4375     2075    +5.3%     +2.0%   +0.034

  wrote /home/user/percef-release/results_darth_dbpedia1536_20261008_193255/summary.json
== done: /home/user/percef-release/results_darth_dbpedia1536_20261008_193255
== LAET on dbpedia1536 (CUSTOM_DBPEDIA1536), reusing /home/user/percef-release/results_darth_dbpedia1536_20261008_193255: k=100 train=1500 val=500 test=8000
== training and tuning LAET (F in D x {1/8,1/4,1/2}, D = 2576.5133333333333; multiplier by bisection on 500 validation queries)
LAET F=320: trained on 1500 queries (0 ended before F) in 4.6s; median target 4510 distance computations
  F    320: m 0.437 -> validation recall 0.9501, dists 2879
LAET F=640: trained on 1500 queries (0 ended before F) in 4.4s; median target 4510 distance computations
  F    640: m 0.427 -> validation recall 0.9503, dists 2879
LAET F=1290: trained on 1500 queries (0 ended before F) in 4.7s; median target 4510 distance computations
  F   1290: m 0.388 -> validation recall 0.9504, dists 2661
chosen F 1290 m 0.388 (validation recall 0.9504)
== LAET test: 8000 queries, F=1290 multiplier=0.38764621942125
Index[M=16, efC=500, efS=2000]IndexTime: 6.627920s, SearchTime: 23.327064s, TotalTime: 37.013845s, Recall@100: 0.9536

  method                               meanR     p1   hit%       DC   lat us  save DC  save lat  p1 gain
  FAISS fixed(ef=100)                 0.9383  0.700   59.9     2079     1383
  FAISS fixed(ef=125)                 0.9553  0.760   72.0     2508     1751
  FAISS fixed(ef=150)                 0.9659  0.790   79.4     2924     2129
  FAISS fixed(ef=175)                 0.9729  0.810   84.2     3329     2489
  FAISS fixed(ef=200)                 0.9779  0.830   87.7     3725     2810
  FAISS fixed(ef=250)                 0.9847  0.870   92.5     4494     3467
  FAISS fixed(ef=300)                 0.9886  0.900   95.3     5233     4145
  FAISS fixed(ef=350)                 0.9911  0.920   96.9     5952     4775
  FAISS fixed(ef=400)                 0.9928  0.930   97.8     6653     5453
  FAISS fixed(ef=500)                 0.9950  0.940   98.9     8009     6604
  FAISS fixed(ef=600)                 0.9962  0.950   99.4     9317     7790
  FAISS fixed(ef=700)                 0.9971  0.960   99.6    10587     8618
  FAISS fixed(ef=800)                 0.9977  0.970   99.8    11824    10040
  FAISS fixed(ef=1000)                0.9984  0.980   99.9    14223    12289
  FAISS fixed(ef=1250)                0.9988  0.980  100.0    17108    15230
  FAISS fixed(ef=1500)                0.9991  0.980  100.0    19891    18702
  FAISS fixed(ef=2000)                0.9994  0.990  100.0    25243    26131
  DARTH (FAISS)                       0.9737  0.880   86.2     4075     4132   -20.3%    -62.9%   +0.067
  LAET (FAISS)                        0.9536  0.810   67.2     2659     2727    -8.4%    -60.0%   +0.057

  Same queries, HNSWlib (results_unified_dbpedia1536_20261006_191144), setting R, each against its own library's fixed ef:
  Ada-ef (as shipped)                 0.9631  0.790   76.9     4276     2865    -0.5%    -45.5%   +0.033
  Ada-ef (WAE floor)                  0.9717  0.820   83.1     4981     3085    +3.2%    -32.6%   +0.021
  Ours (K=1, Isotonic)                0.9671  0.810   80.4     4375     2075    +5.3%     +2.0%   +0.034

  wrote /home/user/percef-release/results_darth_dbpedia1536_20261008_193255/summary.json
== done: /home/user/percef-release/results_darth_dbpedia1536_20261008_193255
