== LAET on glove100 (CUSTOM_GLOVE100), reusing /home/user/percef-release/results_darth_glove100_20261006_081518: k=100 train=1500 val=500 test=8000
== training and tuning LAET (F in D x {1/8,1/4,1/2}, D = 22110.702666666668; multiplier by bisection on 500 validation queries)
LAET F=2760: trained on 1500 queries (0 ended before F) in 1.6s; median target 28705 distance computations
  F   2760: m 0.621 -> validation recall 0.9502, dists 17442
LAET F=5530: trained on 1500 queries (0 ended before F) in 0.4s; median target 28705 distance computations
  F   5530: m 0.595 -> validation recall 0.9501, dists 17212
LAET F=11060: trained on 1500 queries (0 ended before F) in 0.4s; median target 28705 distance computations
  F  11060: m 0.582 -> validation recall 0.9506, dists 18651
chosen F 5530 m 0.595 (validation recall 0.9501)
== LAET test: 8000 queries, F=5530 multiplier=0.5946035575013605
Index[M=16, efC=500, efS=2000]IndexTime: 0.663855s, SearchTime: 51.088334s, TotalTime: 52.387682s, Recall@100: 0.9425

  method                               meanR     p1   hit%       DC   lat us  save DC  save lat  p1 gain
  FAISS fixed(ef=100)                 0.7144  0.160   22.0     2614      473
  FAISS fixed(ef=125)                 0.7452  0.190   27.3     3154      727
  FAISS fixed(ef=150)                 0.7684  0.220   30.9     3679      833
  FAISS fixed(ef=175)                 0.7869  0.240   34.4     4197      946
  FAISS fixed(ef=200)                 0.8019  0.270   37.2     4708     1058
  FAISS fixed(ef=250)                 0.8253  0.310   41.6     5708     1081
  FAISS fixed(ef=300)                 0.8433  0.350   45.0     6692     1285
  FAISS fixed(ef=350)                 0.8574  0.380   47.6     7656     1508
  FAISS fixed(ef=400)                 0.8690  0.410   49.9     8603     1731
  FAISS fixed(ef=500)                 0.8871  0.460   53.8    10465     2207
  FAISS fixed(ef=600)                 0.9005  0.500   56.7    12281     2726
  FAISS fixed(ef=700)                 0.9111  0.530   59.3    14062     3335
  FAISS fixed(ef=800)                 0.9198  0.570   61.8    15813     3815
  FAISS fixed(ef=1000)                0.9330  0.620   65.4    19239     5063
  FAISS fixed(ef=1250)                0.9449  0.670   69.2    23405     6836
  FAISS fixed(ef=1500)                0.9535  0.710   72.0    27465     8739
  FAISS fixed(ef=2000)                0.9651  0.770   77.1    35326    13249
  FAISS fixed(ef=3000)                0.9777  0.830   84.2    50291    25060
  DARTH (FAISS)                       0.9616  0.830   72.9    27446    12260   +15.5%     -6.3%   +0.080
  LAET (FAISS)                        0.9425  0.700   65.6    18461     6311   +17.6%     +1.3%   +0.041

  Same queries, HNSWlib (results_unified_glove100_20261005_213538), setting R, each against its own library's fixed ef:
  Ada-ef (as shipped)                 0.9532  0.780   66.2    41085     5492   +11.5%     +0.0%   +0.073
  Ada-ef (WAE floor)                  0.9739  0.860   81.0    57851     7147   +26.5%    +21.3%   +0.048
  Ours (K=1, Isotonic)                0.9428  0.690   65.9    35509     4451    +5.9%     +1.4%   +0.029

  wrote /home/user/percef-release/results_darth_glove100_20261006_081518/summary.json
== done: /home/user/percef-release/results_darth_glove100_20261006_081518
